export const snapshot = {};

snapshot[`DisclosureProvider > should render as 1`] = `'<div><button data-testid="toggle" aria-controls="atomic-ui-0" aria-expanded="false">toggle</button></div>'`;

snapshot[`DisclosureProvider > should render as 2`] = `'<div><button data-testid="toggle" aria-controls="atomic-ui-0" aria-expanded="true">toggle</button><p id="atomic-ui-0">test</p></div>'`;
