export const snapshot = {};

snapshot[`WithDisclosureTrigger > should trigger click event by default 1`] = `'<div><p data-testid="test" aria-controls="atomic-ui-0" aria-expanded="false">test</p></div>'`;

snapshot[`WithDisclosureTrigger > should trigger click event by default 2`] = `'<div><p data-testid="test" aria-controls="atomic-ui-0" aria-expanded="true">test</p></div>'`;

snapshot[`WithDisclosureTrigger > should trigger click event by default 3`] = `'<div><p data-testid="test" aria-controls="atomic-ui-0" aria-expanded="false">test</p></div>'`;

snapshot[`WithDisclosureTrigger > should change trigger event 1`] = `'<div><div data-testid="test" aria-controls="atomic-ui-0" aria-expanded="false">test</div></div>'`;

snapshot[`WithDisclosureTrigger > should change trigger event 2`] = `'<div><div data-testid="test" aria-controls="atomic-ui-0" aria-expanded="true">test</div></div>'`;

snapshot[`WithDisclosureTrigger > should change trigger event 3`] = `'<div><div data-testid="test" aria-controls="atomic-ui-0" aria-expanded="false">test</div></div>'`;

snapshot[`WithDisclosureTrigger > should render as children 1`] = `'<div><span aria-controls="atomic-ui-0" aria-expanded="false" class="i-mdi-chevron-down"></span></div>'`;
