export const snapshot = {};

snapshot[`WithDisclosureControl > should trigger click event by default 1`] = `'<p aria-controls="atomic-ui-0" aria-expanded="false" role="button" data-testid="test">test</p>'`;

snapshot[`WithDisclosureControl > should trigger click event by default 2`] = `'<p aria-controls="atomic-ui-0" aria-expanded="true" role="button" data-testid="test">test</p>'`;

snapshot[`WithDisclosureControl > should trigger click event by default 3`] = `'<p aria-controls="atomic-ui-0" aria-expanded="false" role="button" data-testid="test">test</p>'`;

snapshot[`WithDisclosureControl > should render as children 1`] = `'<span aria-controls="atomic-ui-0" aria-expanded="false" role="button" class="i-mdi-chevron-down"></span>'`;
