export const snapshot = {};

snapshot[`Tab > should render as 1`] = `'<div role="tablist" aria-orientation="horizontal"><button role="tab" id="atomic-ui-0-tab-0" aria-selected="true" aria-controls="atomic-ui-0-tab-panel-0" tabindex="0">tab 1</button><button role="tab" id="atomic-ui-0-tab-1" aria-selected="false" aria-controls="atomic-ui-0-tab-panel-1" tabindex="-1">tab 2</button><button role="tab" id="atomic-ui-0-tab-2" aria-selected="false" aria-controls="atomic-ui-0-tab-panel-2" tabindex="-1">tab 3</button></div><div role="tabpanel" id="atomic-ui-0-tab-panel-0" aria-labelledby="atomic-ui-0-tab-0">1</div><div role="tabpanel" id="atomic-ui-0-tab-panel-1" aria-labelledby="atomic-ui-0-tab-1" hidden="">2</div><div role="tabpanel" id="atomic-ui-0-tab-panel-2" aria-labelledby="atomic-ui-0-tab-2" hidden="">3</div>'`;
