export const snapshot = {};

snapshot[`Dialog > should render as default 1`] = `'<div role="dialog" aria-modal="true" hidden=""></div>'`;

snapshot[`Dialog > should render as default 2`] = `'<div role="dialog" aria-modal="true"></div>'`;

snapshot[`Dialog > should render as custom tag 1`] = `'<dialog role="dialog" aria-modal="true"></dialog>'`;

snapshot[`Dialog > should render as custom tag 2`] = `'<span role="dialog" aria-modal="true"></span>'`;
