export const snapshot = {};

snapshot[`TransitionProvider > should be match snapshot 1`] = `'<div class="opacity-0">test</div>'`;

snapshot[`TransitionProvider > should be match snapshot 2`] = `'<div class="opacity-0 transition">test</div>'`;

snapshot[`TransitionProvider > should be match snapshot 3`] = `'<div class="transition opacity-100">test</div>'`;

snapshot[`TransitionProvider > should be match snapshot 4`] = `'<div class="text-red-500">test</div>'`;

snapshot[`TransitionProvider > should be match snapshot 5`] = `'<div class="text-red-500">test</div>'`;

snapshot[`TransitionProvider > should be match snapshot 6`] = `'<div class="opacity-80">test</div>'`;

snapshot[`TransitionProvider > should be match snapshot 7`] = `'<div class="opacity-80 transition duration">test</div>'`;

snapshot[`TransitionProvider > should be match snapshot 8`] = `'<div class="transition duration opacity-30">test</div>'`;

snapshot[`TransitionProvider > should be match snapshot 9`] = `'<div class="hidden">test</div>'`;

snapshot[`TransitionProvider > should be match snapshot 10`] = `'<div class="hidden">test</div>'`;
