export const snapshot = {};

snapshot[`WithTransition > if isShow is true at first mount, it should render to DOM 1`] = `'<div data-testid="test" class="test">test</div>'`;

snapshot[`WithTransition > should be match snapshot 1`] = `'<div class="test opacity-0">test</div>'`;

snapshot[`WithTransition > should be match snapshot 2`] = `'<div class="test opacity-0 transition">test</div>'`;

snapshot[`WithTransition > should be match snapshot 3`] = `'<div class="test transition opacity-100">test</div>'`;

snapshot[`WithTransition > should be match snapshot 4`] = `'<div class="test text-red-500">test</div>'`;

snapshot[`WithTransition > should be match snapshot 5`] = `'<div class="test text-red-500">test</div>'`;

snapshot[`WithTransition > should be match snapshot 6`] = `'<div class="test opacity-80">test</div>'`;

snapshot[`WithTransition > should be match snapshot 7`] = `'<div class="test opacity-80 transition duration">test</div>'`;

snapshot[`WithTransition > should be match snapshot 8`] = `'<div class="test transition duration opacity-30">test</div>'`;

snapshot[`WithTransition > should be match snapshot 9`] = `'<div class="test">test</div>'`;

snapshot[`WithTransition > should be match snapshot 10`] = `'<div class="test">test</div>'`;

snapshot[`WithTransition > should keep DOM when leaved transition map is exists 1`] = `'<div class="test opacity-80">test</div>'`;

snapshot[`WithTransition > should keep DOM when leaved transition map is exists 2`] = `'<div class="test opacity-80 transition duration">test</div>'`;

snapshot[`WithTransition > should keep DOM when leaved transition map is exists 3`] = `'<div class="test transition duration opacity-30">test</div>'`;

snapshot[`WithTransition > should keep DOM when leaved transition map is exists 4`] = `'<div class="test opacity-0">test</div>'`;

snapshot[`WithTransition > should keep DOM when leaved transition map is exists 5`] = `'<div class="test opacity-0">test</div>'`;
